OYSzenG1AAD96FAAPEI-109	CTCC	1NF_1A
OYSzenG1AAD96FAAPEI-109	TGCA	1NF_2A
OYSzenG1AAD96FAAPEI-109	ACTA	1NF_4A
OYSzenG1AAD96FAAPEI-109	CAGA	1NF_5A
OYSzenG1AAD96FAAPEI-109	AACT	1NF_6A
OYSzenG1AAD96FAAPEI-109	GCGT	1NF_7A
OYSzenG1AAD96FAAPEI-109	CGAT	1NF_8A
OYSzenG1AAD96FAAPEI-109	GTAA	1NF_9A
OYSzenG1AAD96FAAPEI-109	AGGC	1NF_10A
OYSzenG1AAD96FAAPEI-109	GATC	1NF_11A
OYSzenG1AAD96FAAPEI-109	TCAC	1NF_12A
OYSzenG1AAD96FAAPEI-109	TGCGA	1NF_13A
OYSzenG1AAD96FAAPEI-109	CGCTT	1NF_14A
OYSzenG1AAD96FAAPEI-109	TCACC	1NF_15A
OYSzenG1AAD96FAAPEI-109	CTAGC	1NF_16A
OYSzenG1AAD96FAAPEI-109	ACAAA	1NF_17A
OYSzenG1AAD96FAAPEI-109	TTCTC	1NF_18A
OYSzenG1AAD96FAAPEI-109	AGCCC	1NF_19A
OYSzenG1AAD96FAAPEI-109	GTATT	1NF_20A
OYSzenG1AAD96FAAPEI-109	CTGTA	1NF_21A
OYSzenG1AAD96FAAPEI-109	ACCGT	1NF_22A
OYSzenG1AAD96FAAPEI-109	GCTTA	1NF_23A
OYSzenG1AAD96FAAPEI-109	GGTGT	1NF_24A
OYSzenG1AAD96FAAPEI-109	AGGAT	1NF_25A
OYSzenG1AAD96FAAPEI-109	ATTGA	1NF_26A
OYSzenG1AAD96FAAPEI-109	CATCT	1NF_27A
OYSzenG1AAD96FAAPEI-109	CCTAC	1NF_28A
OYSzenG1AAD96FAAPEI-109	GAGGA	1NF_29A
OYSzenG1AAD96FAAPEI-109	GGAAC	1NF_30A
OYSzenG1AAD96FAAPEI-109	GTCAA	1NF_31A
OYSzenG1AAD96FAAPEI-109	TAATA	1NF_32A
OYSzenG1AAD96FAAPEI-109	TACAT	1NF_33A
OYSzenG1AAD96FAAPEI-109	TCGTT	1SN_1A
OYSzenG1AAD96FAAPEI-109	GGTTGT	1SN_2A
OYSzenG1AAD96FAAPEI-109	CCAGCT	1SN_3A
OYSzenG1AAD96FAAPEI-109	TTCAGA	1SN_4A
OYSzenG1AAD96FAAPEI-109	TAGGAA	1SN_5A
OYSzenG1AAD96FAAPEI-109	GCTCTA	1SN_6A
OYSzenG1AAD96FAAPEI-109	CCACAA	1SN_7A
OYSzenG1AAD96FAAPEI-109	CTTCCA	1SN_8A
OYSzenG1AAD96FAAPEI-109	GAGATA	1SN_9A
OYSzenG1AAD96FAAPEI-109	ATGCCT	1SN_10A
OYSzenG1AAD96FAAPEI-109	AGTGGA	1SN_11A
OYSzenG1AAD96FAAPEI-109	ACCTAA	1SN_12A
OYSzenG1AAD96FAAPEI-109	ATATGT	1SN_13A
OYSzenG1AAD96FAAPEI-109	ATCGTA	1SN_14A
OYSzenG1AAD96FAAPEI-109	CATCGT	1SN_15A
OYSzenG1AAD96FAAPEI-109	CGCGGT	1SN_16A
OYSzenG1AAD96FAAPEI-109	CTATTA	1SN_17A
OYSzenG1AAD96FAAPEI-109	GCCAGT	1SN_18A
OYSzenG1AAD96FAAPEI-109	GGAAGA	1SN_19A
OYSzenG1AAD96FAAPEI-109	GTACTT	1SN_20A
OYSzenG1AAD96FAAPEI-109	GTTGAA	1SN_21A
OYSzenG1AAD96FAAPEI-109	TAACGA	1SN_22A
OYSzenG1AAD96FAAPEI-109	TGGCTA	1SN_23A
OYSzenG1AAD96FAAPEI-109	TATTTTT	1SN_24A
OYSzenG1AAD96FAAPEI-109	CTTGCTT	1SN_25A
OYSzenG1AAD96FAAPEI-109	ATGAAAC	1SN_26A
OYSzenG1AAD96FAAPEI-109	AAAAGTT	1SN_27A
OYSzenG1AAD96FAAPEI-109	GAATTCA	1SN_28A
OYSzenG1AAD96FAAPEI-109	GAACTTC	1SN_29A
OYSzenG1AAD96FAAPEI-109	GGACCTA	1SN_30A
OYSzenG1AAD96FAAPEI-109	GTCGATT	1SN_31A
OYSzenG1AAD96FAAPEI-109	AACGCCT	1SN_32A
OYSzenG1AAD96FAAPEI-109	AATATGC	1HL_1A
OYSzenG1AAD96FAAPEI-109	ACGTGTT	1HL_2A
OYSzenG1AAD96FAAPEI-109	ATTAATT	1HL_3A
OYSzenG1AAD96FAAPEI-109	ATTGGAT	1HL_4A
OYSzenG1AAD96FAAPEI-109	CATAAGT	1HL_5A
OYSzenG1AAD96FAAPEI-109	CGCTGAT	1HL_6A
OYSzenG1AAD96FAAPEI-109	CGGTAGA	1HL_7A
OYSzenG1AAD96FAAPEI-109	CTACGGA	1HL_8A
OYSzenG1AAD96FAAPEI-109	GCGGAAT	1HL_9A
OYSzenG1AAD96FAAPEI-109	TAGCGGA	1HL_10A
OYSzenG1AAD96FAAPEI-109	TCGAAGA	1HL_11A
OYSzenG1AAD96FAAPEI-109	TCTGTGA	1HL_12A
OYSzenG1AAD96FAAPEI-109	TGCTGGA	1HL_13A
OYSzenG1AAD96FAAPEI-109	ACGACTAC	1HL_14A
OYSzenG1AAD96FAAPEI-109	TAGCATGC	1HL_15A
OYSzenG1AAD96FAAPEI-109	TAGGCCAT	1HL_16A
OYSzenG1AAD96FAAPEI-109	TGCAAGGA	1HL_17A
OYSzenG1AAD96FAAPEI-109	TGGTACGT	1HL_19A
OYSzenG1AAD96FAAPEI-109	TCTCAGTC	1HL_20A
OYSzenG1AAD96FAAPEI-109	CCGGATAT	1HL_21A
OYSzenG1AAD96FAAPEI-109	CGCCTTAT	1HL_22A
OYSzenG1AAD96FAAPEI-109	AACCGAGA	1HL_23A
OYSzenG1AAD96FAAPEI-109	ACAGGGAA	1HL_24A
OYSzenG1AAD96FAAPEI-109	ACGTGGTA	1HL_25A
OYSzenG1AAD96FAAPEI-109	CCATGGGT	1HL_26A
OYSzenG1AAD96FAAPEI-109	CGCGGAGA	1HL_27A
OYSzenG1AAD96FAAPEI-109	CGTGTGGT	1HL_28A
OYSzenG1AAD96FAAPEI-109	GCTGTGGA	1HL_29A
OYSzenG1AAD96FAAPEI-109	GGATTGGT	1HL_31A
OYSzenG1AAD96FAAPEI-109	GTGAGGGT	1HL_33A
OYSzenG1AAD96FAAPEI-109	TATCGGGA	1HL_34A
OYSzenG1AAD96FAAPEI-109	TTCCTGGA	1HL_35A
