1NF_1A	CTCC
1NF_2A	TGCA
1NF_4A	ACTA
1NF_5A	CAGA
1NF_6A	AACT
1NF_7A	GCGT
1NF_8A	CGAT
1NF_9A	GTAA
1NF_10A	AGGC
1NF_11A	GATC
1NF_12A	TCAC
1NF_13A	TGCGA
1NF_14A	CGCTT
1NF_15A	TCACC
1NF_16A	CTAGC
1NF_17A	ACAAA
1NF_18A	TTCTC
1NF_19A	AGCCC
1NF_20A	GTATT
1NF_21A	CTGTA
1NF_22A	ACCGT
1NF_23A	GCTTA
1NF_24A	GGTGT
1NF_25A	AGGAT
1NF_26A	ATTGA
1NF_27A	CATCT
1NF_28A	CCTAC
1NF_29A	GAGGA
1NF_30A	GGAAC
1NF_31A	GTCAA
1NF_32A	TAATA
1NF_33A	TACAT
1SN_1A	TCGTT
1SN_2A	GGTTGT
1SN_3A	CCAGCT
1SN_4A	TTCAGA
1SN_5A	TAGGAA
1SN_6A	GCTCTA
1SN_7A	CCACAA
1SN_8A	CTTCCA
1SN_9A	GAGATA
1SN_10A	ATGCCT
1SN_11A	AGTGGA
1SN_12A	ACCTAA
1SN_13A	ATATGT
1SN_14A	ATCGTA
1SN_15A	CATCGT
1SN_16A	CGCGGT
1SN_17A	CTATTA
1SN_18A	GCCAGT
1SN_19A	GGAAGA
1SN_20A	GTACTT
1SN_21A	GTTGAA
1SN_22A	TAACGA
1SN_23A	TGGCTA
1SN_24A	TATTTTT
1SN_25A	CTTGCTT
1SN_26A	ATGAAAC
1SN_27A	AAAAGTT
1SN_28A	GAATTCA
1SN_29A	GAACTTC
1SN_30A	GGACCTA
1SN_31A	GTCGATT
1SN_32A	AACGCCT
1HL_1A	AATATGC
1HL_2A	ACGTGTT
1HL_3A	ATTAATT
1HL_4A	ATTGGAT
1HL_5A	CATAAGT
1HL_6A	CGCTGAT
1HL_7A	CGGTAGA
1HL_8A	CTACGGA
1HL_9A	GCGGAAT
1HL_10A	TAGCGGA
1HL_11A	TCGAAGA
1HL_12A	TCTGTGA
1HL_13A	TGCTGGA
1HL_14A	ACGACTAC
1HL_15A	TAGCATGC
1HL_16A	TAGGCCAT
1HL_17A	TGCAAGGA
1HL_19A	TGGTACGT
1HL_20A	TCTCAGTC
1HL_21A	CCGGATAT
1HL_22A	CGCCTTAT
1HL_23A	AACCGAGA
1HL_24A	ACAGGGAA
1HL_25A	ACGTGGTA
1HL_26A	CCATGGGT
1HL_27A	CGCGGAGA
1HL_28A	CGTGTGGT
1HL_29A	GCTGTGGA
1HL_31A	GGATTGGT
1HL_33A	GTGAGGGT
1HL_34A	TATCGGGA
1HL_35A	TTCCTGGA
